
> build:local
> ROTY_BUILD_TARGET=node-server vite build

The plugin "vite-tsconfig-paths" is detected. Vite now supports tsconfig paths resolution natively via the resolve.tsconfigPaths option. You can remove the plugin and set resolve.tsconfigPaths: true in your Vite config instead.
vite v8.0.16 building client environment for production...
[2Ktransforming...✓ 241 modules transformed.
rendering chunks...
computing gzip size...
.output/public/assets/analytics-BJC-j9Rh.css                2.02 kB │ gzip:  0.87 kB
.output/public/assets/site-shell-DJmgC8X5.css               7.85 kB │ gzip:  2.08 kB
.output/public/assets/form-premium-BPxHr1rX.css             9.26 kB │ gzip:  2.25 kB
.output/public/assets/roty-BnEUwrd1.css                    12.97 kB │ gzip:  3.55 kB
.output/public/assets/editorial-premium-By137a4I.css       15.42 kB │ gzip:  3.46 kB
.output/public/assets/domaine-BbVGyaVS.js                   0.08 kB │ gzip:  0.09 kB
.output/public/assets/journal-HVHNKG5e.js                   0.08 kB │ gzip:  0.09 kB
.output/public/assets/professionnels-90jIYoG_.js            0.08 kB │ gzip:  0.09 kB
.output/public/assets/terrasses-pierre-seche-DcsByU5c.js    0.08 kB │ gzip:  0.09 kB
.output/public/assets/vins-7KsHRXKB.js                      0.08 kB │ gzip:  0.09 kB
.output/public/assets/mentions-legales-Dy1SqdIz.js          0.15 kB │ gzip:  0.15 kB
.output/public/assets/vins_.cuvee-2023-Wnf_qC_I.js          0.15 kB │ gzip:  0.15 kB
.output/public/assets/vins_.cuvee-2024-hbHOiCsG.js          0.15 kB │ gzip:  0.15 kB
.output/public/assets/conditions-de-vente-C3j6B1Tj.js       0.15 kB │ gzip:  0.15 kB
.output/public/assets/confidentialite-BOUP6_wJ.js           0.16 kB │ gzip:  0.15 kB
.output/public/assets/journal_._slug-B6Xu0SKM.js            1.02 kB │ gzip:  0.50 kB
.output/public/assets/ContentCards-CKPgqmhG.js              3.21 kB │ gzip:  1.08 kB
.output/public/assets/routes-DVHQA_Om.js                    6.29 kB │ gzip:  2.00 kB
.output/public/assets/LegalPages-BFaP8arH.js               10.71 kB │ gzip:  3.90 kB
.output/public/assets/EditorialPages-D9Dv5JZH.js           19.03 kB │ gzip:  4.88 kB
.output/public/assets/SiteLayout-2OV0sbLj.js               66.75 kB │ gzip: 21.25 kB
.output/public/assets/demande-Bl2aFy3U.js                  71.74 kB │ gzip: 17.73 kB
.output/public/assets/index-BWVhsyN6.js                   289.14 kB │ gzip: 92.26 kB

✓ built in 207ms
vite v8.0.16 building ssr environment for production...
[2Ktransforming...✓ 107 modules transformed.
rendering chunks...
computing gzip size...
node_modules/.nitro/vite/services/ssr/assets/analytics-BJC-j9Rh.css                   2.02 kB │ gzip:  0.87 kB
node_modules/.nitro/vite/services/ssr/assets/site-shell-DJmgC8X5.css                  7.85 kB │ gzip:  2.08 kB
node_modules/.nitro/vite/services/ssr/assets/form-premium-BPxHr1rX.css                9.26 kB │ gzip:  2.25 kB
node_modules/.nitro/vite/services/ssr/assets/roty-BnEUwrd1.css                       12.97 kB │ gzip:  3.55 kB
node_modules/.nitro/vite/services/ssr/assets/editorial-premium-By137a4I.css          15.42 kB │ gzip:  3.46 kB
node_modules/.nitro/vite/services/ssr/assets/vins-Ccv0Nyc-.js                         0.19 kB │ gzip:  0.15 kB
node_modules/.nitro/vite/services/ssr/assets/domaine-C6VS3zF-.js                      0.20 kB │ gzip:  0.15 kB
node_modules/.nitro/vite/services/ssr/assets/journal-Cz6iekBc.js                      0.20 kB │ gzip:  0.16 kB
node_modules/.nitro/vite/services/ssr/assets/terrasses-pierre-seche-Bw17VKsP.js       0.22 kB │ gzip:  0.16 kB
node_modules/.nitro/vite/services/ssr/assets/empty-plugin-adapters-D9UWiqvJ.js        0.22 kB │ gzip:  0.16 kB
node_modules/.nitro/vite/services/ssr/assets/professionnels-D9OINBzG.js               0.22 kB │ gzip:  0.16 kB
node_modules/.nitro/vite/services/ssr/assets/mentions-legales-Ceiq98ct.js             0.29 kB │ gzip:  0.21 kB
node_modules/.nitro/vite/services/ssr/assets/vins_.cuvee-2023-CVP4XGtS.js             0.29 kB │ gzip:  0.22 kB
node_modules/.nitro/vite/services/ssr/assets/vins_.cuvee-2024-CGyW7x9b.js             0.29 kB │ gzip:  0.22 kB
node_modules/.nitro/vite/services/ssr/assets/conditions-de-vente-B3xo0Glg.js          0.30 kB │ gzip:  0.22 kB
node_modules/.nitro/vite/services/ssr/assets/confidentialite-D_m9B0FR.js              0.30 kB │ gzip:  0.21 kB
node_modules/.nitro/vite/services/ssr/assets/start-Ok9K6Nid.js                        0.64 kB │ gzip:  0.39 kB
node_modules/.nitro/vite/services/ssr/assets/demande-Dz8-pT1W.js                      1.03 kB │ gzip:  0.54 kB
node_modules/.nitro/vite/services/ssr/assets/journal_._slug-DZwIYCY7.js               1.35 kB │ gzip:  0.69 kB
node_modules/.nitro/vite/services/ssr/assets/createStart-Dt05N14y.js                  1.65 kB │ gzip:  0.57 kB
node_modules/.nitro/vite/services/ssr/assets/journal_._slug-Ts5Ml0nX.js               1.79 kB │ gzip:  0.69 kB
node_modules/.nitro/vite/services/ssr/assets/_tanstack-start-manifest_v-B4tq6Iua.js   4.10 kB │ gzip:  0.85 kB
node_modules/.nitro/vite/services/ssr/assets/ContentCards-CAznqSSp.js                 4.78 kB │ gzip:  1.37 kB
node_modules/.nitro/vite/services/ssr/assets/routes-BPAHNYyX.js                       9.48 kB │ gzip:  2.46 kB
node_modules/.nitro/vite/services/ssr/assets/LegalPages-D5fBo6sE.js                  12.72 kB │ gzip:  4.13 kB
node_modules/.nitro/vite/services/ssr/assets/router-CpAXTrdY.js                      13.07 kB │ gzip:  3.39 kB
node_modules/.nitro/vite/services/ssr/assets/demande-u_SydgtH.js                     22.89 kB │ gzip:  5.65 kB
node_modules/.nitro/vite/services/ssr/assets/EditorialPages-aEdAX2Yg.js              26.84 kB │ gzip:  5.66 kB
node_modules/.nitro/vite/services/ssr/assets/SiteLayout-Df6FXW7r.js                  28.09 kB │ gzip:  7.42 kB
node_modules/.nitro/vite/services/ssr/assets/server-D7BTDTup.js                      58.70 kB │ gzip: 15.11 kB
node_modules/.nitro/vite/services/ssr/index.js                                       67.86 kB │ gzip: 21.13 kB

✓ built in 106ms

[nitro] ◐ Building [Nitro] (preset: node-server, compatibility: 2026-09-09)
[nitro] ✔ Generated public .output/public
vite v8.0.16 building nitro environment for production...
[2Ktransforming...✓ 251 modules transformed.
rendering chunks...
computing gzip size...
.output/server/_ssr/vins-Ccv0Nyc-.mjs                      0.21 kB │ gzip:   0.17 kB
.output/server/_ssr/domaine-C6VS3zF-.mjs                   0.22 kB │ gzip:   0.18 kB
.output/server/_ssr/journal-Cz6iekBc.mjs                   0.22 kB │ gzip:   0.17 kB
.output/server/_ssr/empty-plugin-adapters-D9UWiqvJ.mjs     0.23 kB │ gzip:   0.16 kB
.output/server/_ssr/terrasses-pierre-seche-Bw17VKsP.mjs    0.24 kB │ gzip:   0.19 kB
.output/server/_ssr/professionnels-D9OINBzG.mjs            0.24 kB │ gzip:   0.18 kB
.output/server/_ssr/mentions-legales-Ceiq98ct.mjs          0.43 kB │ gzip:   0.28 kB
.output/server/_ssr/vins_.cuvee-2023-CVP4XGtS.mjs          0.43 kB │ gzip:   0.29 kB
.output/server/_ssr/vins_.cuvee-2024-CGyW7x9b.mjs          0.43 kB │ gzip:   0.29 kB
.output/server/_ssr/conditions-de-vente-B3xo0Glg.mjs       0.44 kB │ gzip:   0.28 kB
.output/server/_ssr/confidentialite-D_m9B0FR.mjs           0.44 kB │ gzip:   0.28 kB
.output/server/_chunks/ssr-renderer.mjs                    0.60 kB │ gzip:   0.36 kB
.output/server/_ssr/start-Ok9K6Nid.mjs                     0.69 kB │ gzip:   0.42 kB
.output/server/_ssr/demande-Dz8-pT1W.mjs                   1.10 kB │ gzip:   0.58 kB
.output/server/_ssr/journal_._slug-DZwIYCY7.mjs            1.42 kB │ gzip:   0.74 kB
.output/server/_runtime.mjs                                1.53 kB │ gzip:   0.73 kB
.output/server/_ssr/createStart-Dt05N14y.mjs               1.56 kB │ gzip:   0.57 kB
.output/server/_libs/ufo.mjs                               2.21 kB │ gzip:   0.72 kB
.output/server/_ssr/journal_._slug-Ts5Ml0nX.mjs            2.21 kB │ gzip:   0.76 kB
.output/server/_tanstack-start-manifest_v-B4tq6Iua.mjs     4.16 kB │ gzip:   0.89 kB
.output/server/_ssr/ContentCards-CAznqSSp.mjs              5.76 kB │ gzip:   1.44 kB
.output/server/_libs/h3-v2.mjs                             9.62 kB │ gzip:   2.98 kB
.output/server/_libs/react+tanstack__react-query.mjs      11.18 kB │ gzip:   3.51 kB
.output/server/_ssr/routes-BPAHNYyX.mjs                   11.59 kB │ gzip:   2.58 kB
.output/server/_libs/tanstack__history.mjs                12.09 kB │ gzip:   3.48 kB
.output/server/_ssr/router-CpAXTrdY.mjs                   12.85 kB │ gzip:   3.39 kB
.output/server/_ssr/LegalPages-D5fBo6sE.mjs               14.73 kB │ gzip:   4.23 kB
.output/server/_ssr/demande-u_SydgtH.mjs                  26.32 kB │ gzip:   5.79 kB
.output/server/_ssr/SiteLayout-Df6FXW7r.mjs               31.05 kB │ gzip:   7.56 kB
.output/server/_ssr/EditorialPages-aEdAX2Yg.mjs           32.53 kB │ gzip:   5.81 kB
.output/server/index.mjs                                  39.41 kB │ gzip:   9.25 kB
.output/server/_libs/h3+rou3+srvx.mjs                     40.34 kB │ gzip:  10.93 kB
.output/server/_libs/tanstack__query-core.mjs             47.92 kB │ gzip:  10.65 kB
.output/server/_ssr/server-D7BTDTup.mjs                   56.83 kB │ gzip:  14.92 kB
.output/server/_ssr/ssr.mjs                               67.91 kB │ gzip:  21.25 kB
.output/server/_libs/@tanstack/router-core+[...].mjs      79.22 kB │ gzip:  19.92 kB
.output/server/_libs/zod.mjs                              99.95 kB │ gzip:  17.28 kB
.output/server/_libs/@tanstack/react-router+[...].mjs    512.46 kB │ gzip: 131.75 kB

✓ built in 91ms
ℹ Generated .output/nitro.json

[nitro] ✔ You can preview this build using npx vite preview
