
> build
> vite build

[@lovable.dev/vite-tanstack-config] No Lovable context detected — skipping nitro deploy plugin. Pass `nitro: true` (or `nitro: { ... }`) to force-enable.
The plugin "vite-tsconfig-paths" is detected. Vite now supports tsconfig paths resolution natively via the resolve.tsconfigPaths option. You can remove the plugin and set resolve.tsconfigPaths: true in your Vite config instead.
[@lovable.dev/vite-tanstack-config] No Lovable context detected — skipping nitro deploy plugin. Pass `nitro: true` (or `nitro: { ... }`) to force-enable.
The plugin "vite-tsconfig-paths" is detected. Vite now supports tsconfig paths resolution natively via the resolve.tsconfigPaths option. You can remove the plugin and set resolve.tsconfigPaths: true in your Vite config instead.
[@lovable.dev/vite-tanstack-config] No Lovable context detected — skipping nitro deploy plugin. Pass `nitro: true` (or `nitro: { ... }`) to force-enable.
The plugin "vite-tsconfig-paths" is detected. Vite now supports tsconfig paths resolution natively via the resolve.tsconfigPaths option. You can remove the plugin and set resolve.tsconfigPaths: true in your Vite config instead.
vite v8.0.16 building client environment for production...
[2Ktransforming...✓ 227 modules transformed.
rendering chunks...
computing gzip size...
dist/client/assets/roty-C4SRIm01.css                    19.24 kB │ gzip:   4.65 kB
dist/client/assets/domaine-CJQHOLzU.js                   0.08 kB │ gzip:   0.09 kB
dist/client/assets/journal-C32IjiA_.js                   0.08 kB │ gzip:   0.09 kB
dist/client/assets/professionnels-Cn83iqi4.js            0.08 kB │ gzip:   0.09 kB
dist/client/assets/terrasses-pierre-seche-Br54Ntfr.js    0.08 kB │ gzip:   0.09 kB
dist/client/assets/vins-BZDdTxjC.js                      0.08 kB │ gzip:   0.09 kB
dist/client/assets/mentions-legales-BJ_HODAa.js          0.15 kB │ gzip:   0.15 kB
dist/client/assets/vins_.cuvee-2023-7X6DT6Ge.js          0.15 kB │ gzip:   0.15 kB
dist/client/assets/vins_.cuvee-2024-BFzwI0d7.js          0.15 kB │ gzip:   0.15 kB
dist/client/assets/conditions-de-vente-CT6gSfeD.js       0.15 kB │ gzip:   0.15 kB
dist/client/assets/confidentialite-DvZLVn_m.js           0.16 kB │ gzip:   0.16 kB
dist/client/assets/journal_._slug-B9bdIEPm.js            1.02 kB │ gzip:   0.50 kB
dist/client/assets/ContentCards-BnNkbHuk.js              2.03 kB │ gzip:   0.79 kB
dist/client/assets/routes-LUGo5gLX.js                    4.45 kB │ gzip:   1.40 kB
dist/client/assets/LegalPages-CL9znWJU.js                8.13 kB │ gzip:   3.07 kB
dist/client/assets/EditorialPages-sDywfVbN.js           11.06 kB │ gzip:   3.15 kB
dist/client/assets/SiteLayout-D4Osv_O6.js               18.09 kB │ gzip:   6.56 kB
dist/client/assets/demande-CWnLFFRD.js                  69.67 kB │ gzip:  17.16 kB
dist/client/assets/index-5_vko7sn.js                   323.68 kB │ gzip: 102.19 kB

✓ built in 220ms
vite v8.0.16 building ssr environment for production...
[2Ktransforming...✓ 93 modules transformed.
rendering chunks...
computing gzip size...
dist/server/assets/vins-B9JEe8W8.js                         0.19 kB │ gzip:  0.16 kB
dist/server/assets/domaine-xUl7rY7z.js                      0.20 kB │ gzip:  0.16 kB
dist/server/assets/journal-CvdsFB74.js                      0.20 kB │ gzip:  0.16 kB
dist/server/assets/terrasses-pierre-seche-CxkTsNxL.js       0.22 kB │ gzip:  0.17 kB
dist/server/assets/empty-plugin-adapters-D9UWiqvJ.js        0.22 kB │ gzip:  0.16 kB
dist/server/assets/professionnels-WztqyR6n.js               0.22 kB │ gzip:  0.16 kB
dist/server/assets/mentions-legales-UkHM0a0j.js             0.29 kB │ gzip:  0.21 kB
dist/server/assets/vins_.cuvee-2023-6ru5ZBcC.js             0.29 kB │ gzip:  0.22 kB
dist/server/assets/vins_.cuvee-2024-BuO_jkzW.js             0.29 kB │ gzip:  0.22 kB
dist/server/assets/conditions-de-vente-C_8R0tKB.js          0.30 kB │ gzip:  0.22 kB
dist/server/assets/confidentialite-Brs7F95P.js              0.30 kB │ gzip:  0.21 kB
dist/server/assets/start-EOAzYlXa.js                        0.64 kB │ gzip:  0.38 kB
dist/server/assets/demande-BCCvPk0-.js                      0.96 kB │ gzip:  0.52 kB
dist/server/assets/journal_._slug-vhA-VSke.js               1.35 kB │ gzip:  0.69 kB
dist/server/assets/createStart-Dt05N14y.js                  1.65 kB │ gzip:  0.57 kB
dist/server/assets/journal_._slug-87atx7Fd.js               1.79 kB │ gzip:  0.69 kB
dist/server/assets/ContentCards-6kd4DShG.js                 3.19 kB │ gzip:  1.01 kB
dist/server/assets/_tanstack-start-manifest_v-CPhFdx8s.js   3.60 kB │ gzip:  0.78 kB
dist/server/assets/routes-qMeHi6Ue.js                       6.55 kB │ gzip:  1.70 kB
dist/server/assets/SiteLayout-2ENpU9Ss.js                   7.53 kB │ gzip:  2.08 kB
dist/server/assets/LegalPages-wQvp35Oj.js                   9.69 kB │ gzip:  3.26 kB
dist/server/assets/router-Cxp7EOHj.js                      12.02 kB │ gzip:  3.11 kB
dist/server/assets/EditorialPages-C6bqHOX2.js              15.20 kB │ gzip:  3.54 kB
dist/server/assets/demande-EX72ZjZ8.js                     18.73 kB │ gzip:  4.74 kB
dist/server/assets/server-DQtHw-jc.js                      58.70 kB │ gzip: 15.11 kB
dist/server/server.js                                      65.31 kB │ gzip: 20.41 kB

✓ built in 75ms
