
> build:local
> ROTY_BUILD_TARGET=node-server vite build

The plugin "vite-tsconfig-paths" is detected. Vite now supports tsconfig paths resolution natively via the resolve.tsconfigPaths option. You can remove the plugin and set resolve.tsconfigPaths: true in your Vite config instead.
vite v8.0.16 building client environment for production...
[2Ktransforming...✓ 227 modules transformed.
rendering chunks...
computing gzip size...
.output/public/assets/roty-C4SRIm01.css                    19.24 kB │ gzip:   4.65 kB
.output/public/assets/domaine-CIG5LbYy.js                   0.08 kB │ gzip:   0.09 kB
.output/public/assets/journal-aaIN2HF1.js                   0.08 kB │ gzip:   0.09 kB
.output/public/assets/professionnels--mqCeta_.js            0.08 kB │ gzip:   0.09 kB
.output/public/assets/terrasses-pierre-seche-JwK5sAAl.js    0.08 kB │ gzip:   0.09 kB
.output/public/assets/vins-DOxgMTwg.js                      0.08 kB │ gzip:   0.09 kB
.output/public/assets/mentions-legales-BJ_HODAa.js          0.15 kB │ gzip:   0.15 kB
.output/public/assets/vins_.cuvee-2023-COlfo0Ut.js          0.15 kB │ gzip:   0.15 kB
.output/public/assets/vins_.cuvee-2024-BHOWjQiC.js          0.15 kB │ gzip:   0.15 kB
.output/public/assets/conditions-de-vente-CT6gSfeD.js       0.15 kB │ gzip:   0.15 kB
.output/public/assets/confidentialite-DvZLVn_m.js           0.16 kB │ gzip:   0.16 kB
.output/public/assets/journal_._slug-B5S_OPJX.js            1.02 kB │ gzip:   0.50 kB
.output/public/assets/ContentCards-BIwrne27.js              2.03 kB │ gzip:   0.79 kB
.output/public/assets/routes-gQD5TfW0.js                    4.45 kB │ gzip:   1.40 kB
.output/public/assets/LegalPages-CL9znWJU.js                8.13 kB │ gzip:   3.07 kB
.output/public/assets/EditorialPages-tmUFVeV9.js           11.06 kB │ gzip:   3.15 kB
.output/public/assets/SiteLayout-D4Osv_O6.js               18.09 kB │ gzip:   6.56 kB
.output/public/assets/demande-uwAaEp5L.js                  69.80 kB │ gzip:  17.19 kB
.output/public/assets/index-CHHvpx1Q.js                   323.68 kB │ gzip: 102.18 kB

✓ built in 168ms
vite v8.0.16 building ssr environment for production...
[2Ktransforming...✓ 93 modules transformed.
rendering chunks...
computing gzip size...
node_modules/.nitro/vite/services/ssr/assets/roty-C4SRIm01.css                       19.24 kB │ gzip:  4.65 kB
node_modules/.nitro/vite/services/ssr/assets/vins-Boz5G9-v.js                         0.19 kB │ gzip:  0.15 kB
node_modules/.nitro/vite/services/ssr/assets/domaine-DBhRLcqI.js                      0.20 kB │ gzip:  0.16 kB
node_modules/.nitro/vite/services/ssr/assets/journal-CGa79TCz.js                      0.20 kB │ gzip:  0.16 kB
node_modules/.nitro/vite/services/ssr/assets/terrasses-pierre-seche-CmB4ibFB.js       0.22 kB │ gzip:  0.16 kB
node_modules/.nitro/vite/services/ssr/assets/empty-plugin-adapters-D9UWiqvJ.js        0.22 kB │ gzip:  0.16 kB
node_modules/.nitro/vite/services/ssr/assets/professionnels-CgS--ymL.js               0.22 kB │ gzip:  0.16 kB
node_modules/.nitro/vite/services/ssr/assets/mentions-legales-UkHM0a0j.js             0.29 kB │ gzip:  0.21 kB
node_modules/.nitro/vite/services/ssr/assets/vins_.cuvee-2023-BWeEawZR.js             0.29 kB │ gzip:  0.22 kB
node_modules/.nitro/vite/services/ssr/assets/vins_.cuvee-2024-DcygXbwj.js             0.29 kB │ gzip:  0.22 kB
node_modules/.nitro/vite/services/ssr/assets/conditions-de-vente-C_8R0tKB.js          0.30 kB │ gzip:  0.22 kB
node_modules/.nitro/vite/services/ssr/assets/confidentialite-Brs7F95P.js              0.30 kB │ gzip:  0.21 kB
node_modules/.nitro/vite/services/ssr/assets/start-Ok9K6Nid.js                        0.64 kB │ gzip:  0.39 kB
node_modules/.nitro/vite/services/ssr/assets/demande-DmK1nI9N.js                      0.95 kB │ gzip:  0.52 kB
node_modules/.nitro/vite/services/ssr/assets/journal_._slug-JJy70FPA.js               1.35 kB │ gzip:  0.69 kB
node_modules/.nitro/vite/services/ssr/assets/createStart-Dt05N14y.js                  1.65 kB │ gzip:  0.57 kB
node_modules/.nitro/vite/services/ssr/assets/journal_._slug-B3CWzb1s.js               1.79 kB │ gzip:  0.69 kB
node_modules/.nitro/vite/services/ssr/assets/ContentCards-BIb4hEAW.js                 3.19 kB │ gzip:  1.02 kB
node_modules/.nitro/vite/services/ssr/assets/_tanstack-start-manifest_v-BVgEf4wS.js   3.60 kB │ gzip:  0.78 kB
node_modules/.nitro/vite/services/ssr/assets/routes-C3ZDVIBC.js                       6.55 kB │ gzip:  1.70 kB
node_modules/.nitro/vite/services/ssr/assets/SiteLayout-2ENpU9Ss.js                   7.53 kB │ gzip:  2.08 kB
node_modules/.nitro/vite/services/ssr/assets/LegalPages-wQvp35Oj.js                   9.69 kB │ gzip:  3.26 kB
node_modules/.nitro/vite/services/ssr/assets/router-C3lULWEY.js                      12.02 kB │ gzip:  3.11 kB
node_modules/.nitro/vite/services/ssr/assets/EditorialPages-D39o7bqd.js              15.20 kB │ gzip:  3.54 kB
node_modules/.nitro/vite/services/ssr/assets/demande-CHC1lUBW.js                     18.98 kB │ gzip:  4.78 kB
node_modules/.nitro/vite/services/ssr/assets/server-HKFzKI-Z.js                      58.70 kB │ gzip: 15.11 kB
node_modules/.nitro/vite/services/ssr/index.js                                       65.31 kB │ gzip: 20.41 kB

✓ built in 74ms

[nitro] ◐ Building [Nitro] (preset: node-server, compatibility: 2026-09-09)
[nitro] ✔ Generated public .output/public
vite v8.0.16 building nitro environment for production...
[2Ktransforming...✓ 251 modules transformed.
rendering chunks...
computing gzip size...
.output/server/_ssr/vins-Boz5G9-v.mjs                      0.21 kB │ gzip:   0.17 kB
.output/server/_ssr/domaine-DBhRLcqI.mjs                   0.22 kB │ gzip:   0.18 kB
.output/server/_ssr/journal-CGa79TCz.mjs                   0.22 kB │ gzip:   0.17 kB
.output/server/_ssr/empty-plugin-adapters-D9UWiqvJ.mjs     0.23 kB │ gzip:   0.16 kB
.output/server/_ssr/terrasses-pierre-seche-CmB4ibFB.mjs    0.24 kB │ gzip:   0.18 kB
.output/server/_ssr/professionnels-CgS--ymL.mjs            0.24 kB │ gzip:   0.18 kB
.output/server/_ssr/mentions-legales-UkHM0a0j.mjs          0.43 kB │ gzip:   0.28 kB
.output/server/_ssr/vins_.cuvee-2023-BWeEawZR.mjs          0.43 kB │ gzip:   0.29 kB
.output/server/_ssr/vins_.cuvee-2024-DcygXbwj.mjs          0.43 kB │ gzip:   0.29 kB
.output/server/_ssr/conditions-de-vente-C_8R0tKB.mjs       0.44 kB │ gzip:   0.28 kB
.output/server/_ssr/confidentialite-Brs7F95P.mjs           0.44 kB │ gzip:   0.28 kB
.output/server/_chunks/ssr-renderer.mjs                    0.60 kB │ gzip:   0.36 kB
.output/server/_ssr/start-Ok9K6Nid.mjs                     0.69 kB │ gzip:   0.42 kB
.output/server/_ssr/demande-DmK1nI9N.mjs                   1.02 kB │ gzip:   0.57 kB
.output/server/_ssr/journal_._slug-JJy70FPA.mjs            1.42 kB │ gzip:   0.74 kB
.output/server/_runtime.mjs                                1.53 kB │ gzip:   0.73 kB
.output/server/_ssr/createStart-Dt05N14y.mjs               1.56 kB │ gzip:   0.57 kB
.output/server/_libs/ufo.mjs                               2.21 kB │ gzip:   0.72 kB
.output/server/_ssr/journal_._slug-B3CWzb1s.mjs            2.21 kB │ gzip:   0.76 kB
.output/server/_tanstack-start-manifest_v-BVgEf4wS.mjs     3.66 kB │ gzip:   0.82 kB
.output/server/_ssr/ContentCards-BIb4hEAW.mjs              4.00 kB │ gzip:   1.09 kB
.output/server/_ssr/routes-C3ZDVIBC.mjs                    8.30 kB │ gzip:   1.79 kB
.output/server/_ssr/SiteLayout-2ENpU9Ss.mjs                9.26 kB │ gzip:   2.22 kB
.output/server/_libs/h3-v2.mjs                             9.62 kB │ gzip:   2.98 kB
.output/server/_libs/react+tanstack__react-query.mjs      11.18 kB │ gzip:   3.51 kB
.output/server/_ssr/LegalPages-wQvp35Oj.mjs               11.41 kB │ gzip:   3.36 kB
.output/server/_ssr/router-C3lULWEY.mjs                   12.00 kB │ gzip:   3.13 kB
.output/server/_libs/tanstack__history.mjs                12.09 kB │ gzip:   3.48 kB
.output/server/_ssr/EditorialPages-D39o7bqd.mjs           18.93 kB │ gzip:   3.68 kB
.output/server/_ssr/demande-CHC1lUBW.mjs                  21.93 kB │ gzip:   4.90 kB
.output/server/index.mjs                                  28.39 kB │ gzip:   7.33 kB
.output/server/_libs/h3+rou3+srvx.mjs                     40.34 kB │ gzip:  10.93 kB
.output/server/_libs/tanstack__query-core.mjs             47.92 kB │ gzip:  10.65 kB
.output/server/_ssr/server-HKFzKI-Z.mjs                   56.83 kB │ gzip:  14.92 kB
.output/server/_ssr/ssr.mjs                               65.39 kB │ gzip:  20.53 kB
.output/server/_libs/@tanstack/router-core+[...].mjs      79.22 kB │ gzip:  19.92 kB
.output/server/_libs/zod.mjs                              99.95 kB │ gzip:  17.28 kB
.output/server/_libs/@tanstack/react-router+[...].mjs    512.46 kB │ gzip: 131.75 kB

✓ built in 82ms
ℹ Generated .output/nitro.json

[nitro] ✔ You can preview this build using npx vite preview
