
> build:local
> ROTY_BUILD_TARGET=node-server vite build

The plugin "vite-tsconfig-paths" is detected. Vite now supports tsconfig paths resolution natively via the resolve.tsconfigPaths option. You can remove the plugin and set resolve.tsconfigPaths: true in your Vite config instead.
vite v8.0.16 building client environment for production...
[2Ktransforming...✓ 227 modules transformed.
rendering chunks...
computing gzip size...
.output/public/assets/roty-k6RsOeOj.css                    21.65 kB │ gzip:   5.24 kB
.output/public/assets/domaine-79GW_dI-.js                   0.08 kB │ gzip:   0.09 kB
.output/public/assets/journal-jEz_1rmw.js                   0.08 kB │ gzip:   0.09 kB
.output/public/assets/professionnels-Bk87FV_-.js            0.08 kB │ gzip:   0.09 kB
.output/public/assets/terrasses-pierre-seche-Dd1DYiS3.js    0.08 kB │ gzip:   0.09 kB
.output/public/assets/vins-CCWZU23C.js                      0.08 kB │ gzip:   0.09 kB
.output/public/assets/mentions-legales-DfVm013_.js          0.15 kB │ gzip:   0.15 kB
.output/public/assets/vins_.cuvee-2023-Bl-nChjv.js          0.15 kB │ gzip:   0.15 kB
.output/public/assets/vins_.cuvee-2024-BnxUWHIp.js          0.15 kB │ gzip:   0.15 kB
.output/public/assets/conditions-de-vente-Bimm9j9f.js       0.15 kB │ gzip:   0.15 kB
.output/public/assets/confidentialite-BC0Vo8Ae.js           0.16 kB │ gzip:   0.15 kB
.output/public/assets/journal_._slug-DbfB4cXO.js            1.02 kB │ gzip:   0.50 kB
.output/public/assets/ContentCards-Cw5nz4Xj.js              2.03 kB │ gzip:   0.79 kB
.output/public/assets/routes-kx-vHOie.js                    4.26 kB │ gzip:   1.34 kB
.output/public/assets/LegalPages-Cb9CIDoy.js                8.13 kB │ gzip:   3.07 kB
.output/public/assets/EditorialPages-CI_6E4vj.js           11.06 kB │ gzip:   3.15 kB
.output/public/assets/SiteLayout-CEK1htNv.js               18.40 kB │ gzip:   6.63 kB
.output/public/assets/demande-Dmw-3H56.js                  69.86 kB │ gzip:  17.20 kB
.output/public/assets/index-CpoTST6v.js                   323.71 kB │ gzip: 102.20 kB

✓ built in 201ms
vite v8.0.16 building ssr environment for production...
[2Ktransforming...✓ 93 modules transformed.
rendering chunks...
computing gzip size...
node_modules/.nitro/vite/services/ssr/assets/roty-k6RsOeOj.css                       21.65 kB │ gzip:  5.24 kB
node_modules/.nitro/vite/services/ssr/assets/vins-6HWNqouE.js                         0.19 kB │ gzip:  0.15 kB
node_modules/.nitro/vite/services/ssr/assets/domaine-cJLDgbeI.js                      0.20 kB │ gzip:  0.16 kB
node_modules/.nitro/vite/services/ssr/assets/journal-Cqwh9TJa.js                      0.20 kB │ gzip:  0.15 kB
node_modules/.nitro/vite/services/ssr/assets/terrasses-pierre-seche-DdAF2DVq.js       0.22 kB │ gzip:  0.16 kB
node_modules/.nitro/vite/services/ssr/assets/empty-plugin-adapters-D9UWiqvJ.js        0.22 kB │ gzip:  0.16 kB
node_modules/.nitro/vite/services/ssr/assets/professionnels-BPq4KZ_B.js               0.22 kB │ gzip:  0.16 kB
node_modules/.nitro/vite/services/ssr/assets/mentions-legales-C7J5qAIe.js             0.29 kB │ gzip:  0.21 kB
node_modules/.nitro/vite/services/ssr/assets/vins_.cuvee-2023-9UEbrnqF.js             0.29 kB │ gzip:  0.22 kB
node_modules/.nitro/vite/services/ssr/assets/vins_.cuvee-2024-B57AAUkv.js             0.29 kB │ gzip:  0.22 kB
node_modules/.nitro/vite/services/ssr/assets/conditions-de-vente-DYyfMWXv.js          0.30 kB │ gzip:  0.22 kB
node_modules/.nitro/vite/services/ssr/assets/confidentialite-ayC933Sw.js              0.30 kB │ gzip:  0.21 kB
node_modules/.nitro/vite/services/ssr/assets/start-Ok9K6Nid.js                        0.64 kB │ gzip:  0.39 kB
node_modules/.nitro/vite/services/ssr/assets/demande-DLvyu_Yu.js                      0.95 kB │ gzip:  0.52 kB
node_modules/.nitro/vite/services/ssr/assets/journal_._slug-xNrqH_I_.js               1.35 kB │ gzip:  0.69 kB
node_modules/.nitro/vite/services/ssr/assets/createStart-Dt05N14y.js                  1.65 kB │ gzip:  0.57 kB
node_modules/.nitro/vite/services/ssr/assets/journal_._slug-DCmOzN6M.js               1.79 kB │ gzip:  0.69 kB
node_modules/.nitro/vite/services/ssr/assets/ContentCards-CDMVGZSA.js                 3.19 kB │ gzip:  1.02 kB
node_modules/.nitro/vite/services/ssr/assets/_tanstack-start-manifest_v-Ddx3SQci.js   3.60 kB │ gzip:  0.78 kB
node_modules/.nitro/vite/services/ssr/assets/routes-BGY5pxKw.js                       6.24 kB │ gzip:  1.64 kB
node_modules/.nitro/vite/services/ssr/assets/SiteLayout-BaVAmxYS.js                   8.00 kB │ gzip:  2.17 kB
node_modules/.nitro/vite/services/ssr/assets/LegalPages-fs-GS650.js                   9.69 kB │ gzip:  3.26 kB
node_modules/.nitro/vite/services/ssr/assets/router-CUNFTR2v.js                      12.04 kB │ gzip:  3.13 kB
node_modules/.nitro/vite/services/ssr/assets/EditorialPages-Cyt6GSjR.js              15.20 kB │ gzip:  3.54 kB
node_modules/.nitro/vite/services/ssr/assets/demande-CXPyQPzC.js                     19.17 kB │ gzip:  4.81 kB
node_modules/.nitro/vite/services/ssr/assets/server-C3KNMjm0.js                      58.70 kB │ gzip: 15.11 kB
node_modules/.nitro/vite/services/ssr/index.js                                       65.32 kB │ gzip: 20.44 kB

✓ built in 91ms

[nitro] ◐ Building [Nitro] (preset: node-server, compatibility: 2026-09-09)
[nitro] ✔ Generated public .output/public
vite v8.0.16 building nitro environment for production...
[2Ktransforming...✓ 251 modules transformed.
rendering chunks...
computing gzip size...
.output/server/_ssr/vins-6HWNqouE.mjs                      0.21 kB │ gzip:   0.17 kB
.output/server/_ssr/domaine-cJLDgbeI.mjs                   0.22 kB │ gzip:   0.18 kB
.output/server/_ssr/journal-Cqwh9TJa.mjs                   0.22 kB │ gzip:   0.17 kB
.output/server/_ssr/empty-plugin-adapters-D9UWiqvJ.mjs     0.23 kB │ gzip:   0.16 kB
.output/server/_ssr/terrasses-pierre-seche-DdAF2DVq.mjs    0.24 kB │ gzip:   0.19 kB
.output/server/_ssr/professionnels-BPq4KZ_B.mjs            0.24 kB │ gzip:   0.18 kB
.output/server/_ssr/mentions-legales-C7J5qAIe.mjs          0.43 kB │ gzip:   0.28 kB
.output/server/_ssr/vins_.cuvee-2023-9UEbrnqF.mjs          0.43 kB │ gzip:   0.29 kB
.output/server/_ssr/vins_.cuvee-2024-B57AAUkv.mjs          0.43 kB │ gzip:   0.29 kB
.output/server/_ssr/conditions-de-vente-DYyfMWXv.mjs       0.44 kB │ gzip:   0.28 kB
.output/server/_ssr/confidentialite-ayC933Sw.mjs           0.44 kB │ gzip:   0.28 kB
.output/server/_chunks/ssr-renderer.mjs                    0.60 kB │ gzip:   0.36 kB
.output/server/_ssr/start-Ok9K6Nid.mjs                     0.69 kB │ gzip:   0.42 kB
.output/server/_ssr/demande-DLvyu_Yu.mjs                   1.02 kB │ gzip:   0.57 kB
.output/server/_ssr/journal_._slug-xNrqH_I_.mjs            1.42 kB │ gzip:   0.74 kB
.output/server/_runtime.mjs                                1.53 kB │ gzip:   0.73 kB
.output/server/_ssr/createStart-Dt05N14y.mjs               1.56 kB │ gzip:   0.57 kB
.output/server/_libs/ufo.mjs                               2.21 kB │ gzip:   0.72 kB
.output/server/_ssr/journal_._slug-DCmOzN6M.mjs            2.21 kB │ gzip:   0.76 kB
.output/server/_tanstack-start-manifest_v-Ddx3SQci.mjs     3.66 kB │ gzip:   0.81 kB
.output/server/_ssr/ContentCards-CDMVGZSA.mjs              4.00 kB │ gzip:   1.09 kB
.output/server/_ssr/routes-BGY5pxKw.mjs                    7.90 kB │ gzip:   1.73 kB
.output/server/_libs/h3-v2.mjs                             9.62 kB │ gzip:   2.98 kB
.output/server/_ssr/SiteLayout-BaVAmxYS.mjs                9.80 kB │ gzip:   2.31 kB
.output/server/_libs/react+tanstack__react-query.mjs      11.18 kB │ gzip:   3.51 kB
.output/server/_ssr/LegalPages-fs-GS650.mjs               11.41 kB │ gzip:   3.36 kB
.output/server/_ssr/router-CUNFTR2v.mjs                   12.02 kB │ gzip:   3.15 kB
.output/server/_libs/tanstack__history.mjs                12.09 kB │ gzip:   3.48 kB
.output/server/_ssr/EditorialPages-Cyt6GSjR.mjs           18.93 kB │ gzip:   3.68 kB
.output/server/_ssr/demande-CXPyQPzC.mjs                  22.14 kB │ gzip:   4.93 kB
.output/server/index.mjs                                  30.63 kB │ gzip:   7.74 kB
.output/server/_libs/h3+rou3+srvx.mjs                     40.34 kB │ gzip:  10.93 kB
.output/server/_libs/tanstack__query-core.mjs             47.92 kB │ gzip:  10.65 kB
.output/server/_ssr/server-C3KNMjm0.mjs                   56.83 kB │ gzip:  14.92 kB
.output/server/_ssr/ssr.mjs                               65.40 kB │ gzip:  20.56 kB
.output/server/_libs/@tanstack/router-core+[...].mjs      79.22 kB │ gzip:  19.92 kB
.output/server/_libs/zod.mjs                              99.95 kB │ gzip:  17.28 kB
.output/server/_libs/@tanstack/react-router+[...].mjs    512.46 kB │ gzip: 131.75 kB

✓ built in 87ms
ℹ Generated .output/nitro.json

[nitro] ✔ You can preview this build using npx vite preview
