
> build
> vite build

The plugin "vite-tsconfig-paths" is detected. Vite now supports tsconfig paths resolution natively via the resolve.tsconfigPaths option. You can remove the plugin and set resolve.tsconfigPaths: true in your Vite config instead.
vite v8.0.16 building client environment for production...
[2Ktransforming...✓ 242 modules transformed.
rendering chunks...
computing gzip size...
dist/assets/analytics-BJC-j9Rh.css                2.02 kB │ gzip:  0.87 kB
dist/assets/site-shell-CbOCdysw.css               7.70 kB │ gzip:  2.04 kB
dist/assets/form-premium-BPxHr1rX.css             9.26 kB │ gzip:  2.25 kB
dist/assets/roty-C0XtbExz.css                    15.02 kB │ gzip:  3.94 kB
dist/assets/editorial-premium-DhSwAbFY.css       16.37 kB │ gzip:  3.64 kB
dist/assets/domaine-BP3ZU5gu.js                   0.08 kB │ gzip:  0.09 kB
dist/assets/journal-CRX4n5Zk.js                   0.08 kB │ gzip:  0.09 kB
dist/assets/professionnels-LeEfoYQQ.js            0.08 kB │ gzip:  0.09 kB
dist/assets/terrasses-pierre-seche-D10sIIK3.js    0.08 kB │ gzip:  0.09 kB
dist/assets/vins-Dpjj66aV.js                      0.08 kB │ gzip:  0.09 kB
dist/assets/mentions-legales-Ba-060gA.js          0.15 kB │ gzip:  0.15 kB
dist/assets/vins_.cuvee-2023-C31py3vj.js          0.15 kB │ gzip:  0.15 kB
dist/assets/vins_.cuvee-2024-D8xveoTJ.js          0.15 kB │ gzip:  0.15 kB
dist/assets/conditions-de-vente-68k79hsP.js       0.15 kB │ gzip:  0.15 kB
dist/assets/confidentialite-B4sKKJ6v.js           0.16 kB │ gzip:  0.16 kB
dist/assets/journal_._slug--9eJPadt.js            1.30 kB │ gzip:  0.65 kB
dist/assets/ContentCards-C34N3eV3.js              3.08 kB │ gzip:  0.98 kB
dist/assets/routes-Bw5eMt3B.js                    7.69 kB │ gzip:  2.37 kB
dist/assets/LegalPages-CU5ahLlF.js               11.06 kB │ gzip:  4.06 kB
dist/assets/EditorialPages-CbWREytv.js           19.30 kB │ gzip:  4.96 kB
dist/assets/SiteLayout-BYqfd9hs.js               66.91 kB │ gzip: 21.47 kB
dist/assets/demande-COlFRgnk.js                  71.76 kB │ gzip: 17.75 kB
dist/assets/index-CitWDa0c.js                   290.50 kB │ gzip: 92.73 kB

✓ built in 214ms
vite v8.0.16 building ssr environment for production...
[2Ktransforming...✓ 108 modules transformed.
rendering chunks...
computing gzip size...
node_modules/.nitro/vite/services/ssr/assets/analytics-BJC-j9Rh.css                   2.02 kB │ gzip:  0.87 kB
node_modules/.nitro/vite/services/ssr/assets/site-shell-CbOCdysw.css                  7.70 kB │ gzip:  2.04 kB
node_modules/.nitro/vite/services/ssr/assets/form-premium-BPxHr1rX.css                9.26 kB │ gzip:  2.25 kB
node_modules/.nitro/vite/services/ssr/assets/roty-C0XtbExz.css                       15.02 kB │ gzip:  3.94 kB
node_modules/.nitro/vite/services/ssr/assets/editorial-premium-DhSwAbFY.css          16.37 kB │ gzip:  3.64 kB
node_modules/.nitro/vite/services/ssr/assets/vins-kG1fsheA.js                         0.19 kB │ gzip:  0.15 kB
node_modules/.nitro/vite/services/ssr/assets/domaine-DLR_xdXE.js                      0.20 kB │ gzip:  0.16 kB
node_modules/.nitro/vite/services/ssr/assets/journal-DUm9XYja.js                      0.20 kB │ gzip:  0.16 kB
node_modules/.nitro/vite/services/ssr/assets/terrasses-pierre-seche-RD75Zc4_.js       0.22 kB │ gzip:  0.16 kB
node_modules/.nitro/vite/services/ssr/assets/empty-plugin-adapters-D9UWiqvJ.js        0.22 kB │ gzip:  0.16 kB
node_modules/.nitro/vite/services/ssr/assets/professionnels-CpuJkdFk.js               0.22 kB │ gzip:  0.16 kB
node_modules/.nitro/vite/services/ssr/assets/mentions-legales-DVE-MeX2.js             0.29 kB │ gzip:  0.21 kB
node_modules/.nitro/vite/services/ssr/assets/vins_.cuvee-2023-C3QIrKwu.js             0.29 kB │ gzip:  0.22 kB
node_modules/.nitro/vite/services/ssr/assets/vins_.cuvee-2024-DSJtHn9v.js             0.29 kB │ gzip:  0.22 kB
node_modules/.nitro/vite/services/ssr/assets/conditions-de-vente-BbuabPKF.js          0.30 kB │ gzip:  0.21 kB
node_modules/.nitro/vite/services/ssr/assets/confidentialite-BaNP2QGJ.js              0.30 kB │ gzip:  0.21 kB
node_modules/.nitro/vite/services/ssr/assets/start-Ok9K6Nid.js                        0.64 kB │ gzip:  0.39 kB
node_modules/.nitro/vite/services/ssr/assets/demande-BS0bTBZD.js                      1.03 kB │ gzip:  0.54 kB
node_modules/.nitro/vite/services/ssr/assets/journal_._slug-CKQAg9S1.js               1.59 kB │ gzip:  0.78 kB
node_modules/.nitro/vite/services/ssr/assets/editorial-images-BPJZ8Eje.js             1.64 kB │ gzip:  0.65 kB
node_modules/.nitro/vite/services/ssr/assets/createStart-Dt05N14y.js                  1.65 kB │ gzip:  0.57 kB
node_modules/.nitro/vite/services/ssr/assets/journal_._slug-Cs2e90Ok.js               2.31 kB │ gzip:  0.90 kB
node_modules/.nitro/vite/services/ssr/assets/_tanstack-start-manifest_v-D8EWOVIq.js   3.92 kB │ gzip:  0.84 kB
node_modules/.nitro/vite/services/ssr/assets/ContentCards-CqbJYsvL.js                 4.73 kB │ gzip:  1.28 kB
node_modules/.nitro/vite/services/ssr/assets/routes-BPuStrbo.js                      11.60 kB │ gzip:  2.89 kB
node_modules/.nitro/vite/services/ssr/assets/router-92rUN8kG.js                      13.07 kB │ gzip:  3.39 kB
node_modules/.nitro/vite/services/ssr/assets/LegalPages-CzDxAQst.js                  13.08 kB │ gzip:  4.28 kB
node_modules/.nitro/vite/services/ssr/assets/demande-BJa76jC5.js                     22.91 kB │ gzip:  5.67 kB
node_modules/.nitro/vite/services/ssr/assets/EditorialPages-lZZ9PvjX.js              27.23 kB │ gzip:  5.74 kB
node_modules/.nitro/vite/services/ssr/assets/SiteLayout-CeFXhBy9.js                  28.29 kB │ gzip:  7.66 kB
node_modules/.nitro/vite/services/ssr/assets/server-DGGNZe70.js                      58.70 kB │ gzip: 15.11 kB
node_modules/.nitro/vite/services/ssr/index.js                                       67.84 kB │ gzip: 21.15 kB

✓ built in 94ms

[nitro] ◐ Building [Nitro] (preset: cloudflare-pages, compatibility: 2026-09-09)
[nitro] ✔ Generated public dist
vite v8.0.16 building nitro environment for production...

 WARN  inlineDynamicImports option is ignored because the codeSplitting option is specified.

[2Ktransforming...✓ 257 modules transformed.
rendering chunks...
computing gzip size...
dist/_worker.js/_ssr/vins-kG1fsheA.mjs                      0.21 kB │ gzip:   0.17 kB
dist/_worker.js/_ssr/domaine-DLR_xdXE.mjs                   0.22 kB │ gzip:   0.17 kB
dist/_worker.js/_ssr/journal-DUm9XYja.mjs                   0.22 kB │ gzip:   0.17 kB
dist/_worker.js/_ssr/empty-plugin-adapters-D9UWiqvJ.mjs     0.23 kB │ gzip:   0.16 kB
dist/_worker.js/_ssr/terrasses-pierre-seche-RD75Zc4_.mjs    0.24 kB │ gzip:   0.19 kB
dist/_worker.js/_ssr/professionnels-CpuJkdFk.mjs            0.24 kB │ gzip:   0.18 kB
dist/_worker.js/_ssr/mentions-legales-DVE-MeX2.mjs          0.43 kB │ gzip:   0.28 kB
dist/_worker.js/_ssr/vins_.cuvee-2023-C3QIrKwu.mjs          0.43 kB │ gzip:   0.29 kB
dist/_worker.js/_ssr/vins_.cuvee-2024-DSJtHn9v.mjs          0.43 kB │ gzip:   0.29 kB
dist/_worker.js/_ssr/conditions-de-vente-BbuabPKF.mjs       0.44 kB │ gzip:   0.28 kB
dist/_worker.js/_ssr/confidentialite-BaNP2QGJ.mjs           0.44 kB │ gzip:   0.28 kB
dist/_worker.js/_chunks/ssr-renderer.mjs                    0.60 kB │ gzip:   0.36 kB
dist/_worker.js/_ssr/start-Ok9K6Nid.mjs                     0.69 kB │ gzip:   0.42 kB
dist/_worker.js/_ssr/demande-BS0bTBZD.mjs                   1.10 kB │ gzip:   0.58 kB
dist/_worker.js/_runtime.mjs                                1.48 kB │ gzip:   0.69 kB
dist/_worker.js/_ssr/createStart-Dt05N14y.mjs               1.56 kB │ gzip:   0.57 kB
dist/_worker.js/_ssr/journal_._slug-CKQAg9S1.mjs            1.67 kB │ gzip:   0.82 kB
dist/_worker.js/_ssr/editorial-images-BPJZ8Eje.mjs          1.68 kB │ gzip:   0.68 kB
dist/_worker.js/_ssr/journal_._slug-Cs2e90Ok.mjs            2.80 kB │ gzip:   0.96 kB
dist/_worker.js/_tanstack-start-manifest_v-D8EWOVIq.mjs     3.97 kB │ gzip:   0.88 kB
dist/_worker.js/_ssr/ContentCards-CqbJYsvL.mjs              5.74 kB │ gzip:   1.36 kB
dist/_worker.js/_libs/h3-v2.mjs                             9.62 kB │ gzip:   2.98 kB
dist/_worker.js/_libs/react+tanstack__react-query.mjs      11.18 kB │ gzip:   3.51 kB
dist/_worker.js/_libs/tanstack__history.mjs                12.09 kB │ gzip:   3.48 kB
dist/_worker.js/_ssr/router-92rUN8kG.mjs                   12.85 kB │ gzip:   3.39 kB
dist/_worker.js/_ssr/routes-BPuStrbo.mjs                   14.07 kB │ gzip:   3.02 kB
dist/_worker.js/_libs/h3+rou3+srvx.mjs                     14.22 kB │ gzip:   4.23 kB
dist/_worker.js/_ssr/LegalPages-CzDxAQst.mjs               15.12 kB │ gzip:   4.38 kB
dist/_worker.js/_ssr/demande-BJa76jC5.mjs                  26.35 kB │ gzip:   5.80 kB
dist/_worker.js/_ssr/SiteLayout-CeFXhBy9.mjs               31.15 kB │ gzip:   7.79 kB
dist/_worker.js/_ssr/EditorialPages-lZZ9PvjX.mjs           32.97 kB │ gzip:   5.89 kB
dist/_worker.js/_libs/tanstack__query-core.mjs             47.92 kB │ gzip:  10.65 kB
dist/_worker.js/index.js                                   54.23 kB │ gzip:  11.81 kB
dist/_worker.js/_ssr/server-DGGNZe70.mjs                   56.86 kB │ gzip:  14.94 kB
dist/_worker.js/_ssr/ssr.mjs                               67.92 kB │ gzip:  21.28 kB
dist/_worker.js/_libs/@tanstack/router-core+[...].mjs      79.36 kB │ gzip:  19.96 kB
dist/_worker.js/_libs/zod.mjs                              99.95 kB │ gzip:  17.28 kB
dist/_worker.js/_libs/@tanstack/react-router+[...].mjs    511.85 kB │ gzip: 131.07 kB

✓ built in 90ms
ℹ Generated dist/_worker.js/wrangler.json
ℹ Generated .wrangler/deploy/config.json
ℹ Generated dist/_routes.json
ℹ Generated dist/_headers
ℹ Generated dist/_redirects
ℹ Generated dist/nitro.json

[nitro] ✔ You can preview this build using npx vite preview
[nitro] ✔ You can deploy this build using npx nitro deploy --prebuilt
